------------------------------------------------------------
TimeQuest Timing Analyzer Summary
------------------------------------------------------------

Type  : Slow 1200mV 85C Model Setup 'updateA'
Slack : -16.514
TNS   : -668.070

Type  : Slow 1200mV 85C Model Setup 'CLOCK_50'
Slack : -6.719
TNS   : -436.603

Type  : Slow 1200mV 85C Model Setup 'update'
Slack : -5.742
TNS   : -71.513

Type  : Slow 1200mV 85C Model Setup 'chRst2'
Slack : -2.315
TNS   : -25.967

Type  : Slow 1200mV 85C Model Setup 'p1ARst[0]'
Slack : -2.213
TNS   : -21.161

Type  : Slow 1200mV 85C Model Setup 'lcd:lcd_control|dispClock'
Slack : -1.513
TNS   : -11.224

Type  : Slow 1200mV 85C Model Setup 'PS2_CLK'
Slack : -0.927
TNS   : -10.646

Type  : Slow 1200mV 85C Model Setup 'chRst1'
Slack : -0.261
TNS   : -0.726

Type  : Slow 1200mV 85C Model Setup 'VGA|mypll|altpll_component|pll|clk[0]'
Slack : 33.969
TNS   : 0.000

Type  : Slow 1200mV 85C Model Hold 'chRst1'
Slack : -0.635
TNS   : -2.324

Type  : Slow 1200mV 85C Model Hold 'updateA'
Slack : -0.596
TNS   : -6.857

Type  : Slow 1200mV 85C Model Hold 'update'
Slack : -0.428
TNS   : -1.157

Type  : Slow 1200mV 85C Model Hold 'CLOCK_50'
Slack : 0.384
TNS   : 0.000

Type  : Slow 1200mV 85C Model Hold 'VGA|mypll|altpll_component|pll|clk[0]'
Slack : 0.404
TNS   : 0.000

Type  : Slow 1200mV 85C Model Hold 'lcd:lcd_control|dispClock'
Slack : 0.405
TNS   : 0.000

Type  : Slow 1200mV 85C Model Hold 'PS2_CLK'
Slack : 0.440
TNS   : 0.000

Type  : Slow 1200mV 85C Model Hold 'p1ARst[0]'
Slack : 0.702
TNS   : 0.000

Type  : Slow 1200mV 85C Model Hold 'chRst2'
Slack : 0.842
TNS   : 0.000

Type  : Slow 1200mV 85C Model Recovery 'lcd:lcd_control|dispClock'
Slack : -0.292
TNS   : -2.760

Type  : Slow 1200mV 85C Model Recovery 'update'
Slack : 0.274
TNS   : 0.000

Type  : Slow 1200mV 85C Model Recovery 'updateA'
Slack : 1.359
TNS   : 0.000

Type  : Slow 1200mV 85C Model Recovery 'CLOCK_50'
Slack : 14.786
TNS   : 0.000

Type  : Slow 1200mV 85C Model Removal 'updateA'
Slack : -1.581
TNS   : -125.409

Type  : Slow 1200mV 85C Model Removal 'update'
Slack : -1.394
TNS   : -11.881

Type  : Slow 1200mV 85C Model Removal 'lcd:lcd_control|dispClock'
Slack : 0.498
TNS   : 0.000

Type  : Slow 1200mV 85C Model Removal 'CLOCK_50'
Slack : 4.212
TNS   : 0.000

Type  : Slow 1200mV 85C Model Minimum Pulse Width 'PS2_CLK'
Slack : -3.000
TNS   : -22.275

Type  : Slow 1200mV 85C Model Minimum Pulse Width 'updateA'
Slack : -1.285
TNS   : -102.800

Type  : Slow 1200mV 85C Model Minimum Pulse Width 'update'
Slack : -1.285
TNS   : -25.700

Type  : Slow 1200mV 85C Model Minimum Pulse Width 'lcd:lcd_control|dispClock'
Slack : -1.285
TNS   : -12.850

Type  : Slow 1200mV 85C Model Minimum Pulse Width 'chRst1'
Slack : 0.391
TNS   : 0.000

Type  : Slow 1200mV 85C Model Minimum Pulse Width 'p1ARst[0]'
Slack : 0.427
TNS   : 0.000

Type  : Slow 1200mV 85C Model Minimum Pulse Width 'chRst2'
Slack : 0.464
TNS   : 0.000

Type  : Slow 1200mV 85C Model Minimum Pulse Width 'CLOCK_50'
Slack : 9.554
TNS   : 0.000

Type  : Slow 1200mV 85C Model Minimum Pulse Width 'VGA|mypll|altpll_component|pll|clk[0]'
Slack : 19.708
TNS   : 0.000

Type  : Slow 1200mV 0C Model Setup 'updateA'
Slack : -14.725
TNS   : -597.161

Type  : Slow 1200mV 0C Model Setup 'CLOCK_50'
Slack : -6.142
TNS   : -395.586

Type  : Slow 1200mV 0C Model Setup 'update'
Slack : -5.125
TNS   : -63.043

Type  : Slow 1200mV 0C Model Setup 'chRst2'
Slack : -2.168
TNS   : -24.063

Type  : Slow 1200mV 0C Model Setup 'p1ARst[0]'
Slack : -2.084
TNS   : -19.710

Type  : Slow 1200mV 0C Model Setup 'lcd:lcd_control|dispClock'
Slack : -1.277
TNS   : -9.281

Type  : Slow 1200mV 0C Model Setup 'PS2_CLK'
Slack : -0.733
TNS   : -7.988

Type  : Slow 1200mV 0C Model Setup 'chRst1'
Slack : -0.262
TNS   : -0.852

Type  : Slow 1200mV 0C Model Setup 'VGA|mypll|altpll_component|pll|clk[0]'
Slack : 34.483
TNS   : 0.000

Type  : Slow 1200mV 0C Model Hold 'updateA'
Slack : -0.649
TNS   : -9.485

Type  : Slow 1200mV 0C Model Hold 'update'
Slack : -0.465
TNS   : -1.664

Type  : Slow 1200mV 0C Model Hold 'chRst1'
Slack : -0.462
TNS   : -1.530

Type  : Slow 1200mV 0C Model Hold 'CLOCK_50'
Slack : 0.337
TNS   : 0.000

Type  : Slow 1200mV 0C Model Hold 'lcd:lcd_control|dispClock'
Slack : 0.355
TNS   : 0.000

Type  : Slow 1200mV 0C Model Hold 'VGA|mypll|altpll_component|pll|clk[0]'
Slack : 0.356
TNS   : 0.000

Type  : Slow 1200mV 0C Model Hold 'PS2_CLK'
Slack : 0.387
TNS   : 0.000

Type  : Slow 1200mV 0C Model Hold 'p1ARst[0]'
Slack : 0.757
TNS   : 0.000

Type  : Slow 1200mV 0C Model Hold 'chRst2'
Slack : 0.894
TNS   : 0.000

Type  : Slow 1200mV 0C Model Recovery 'lcd:lcd_control|dispClock'
Slack : -0.157
TNS   : -1.456

Type  : Slow 1200mV 0C Model Recovery 'update'
Slack : 0.415
TNS   : 0.000

Type  : Slow 1200mV 0C Model Recovery 'updateA'
Slack : 1.425
TNS   : 0.000

Type  : Slow 1200mV 0C Model Recovery 'CLOCK_50'
Slack : 15.163
TNS   : 0.000

Type  : Slow 1200mV 0C Model Removal 'updateA'
Slack : -1.523
TNS   : -120.622

Type  : Slow 1200mV 0C Model Removal 'update'
Slack : -1.334
TNS   : -11.773

Type  : Slow 1200mV 0C Model Removal 'lcd:lcd_control|dispClock'
Slack : 0.419
TNS   : 0.000

Type  : Slow 1200mV 0C Model Removal 'CLOCK_50'
Slack : 3.794
TNS   : 0.000

Type  : Slow 1200mV 0C Model Minimum Pulse Width 'PS2_CLK'
Slack : -3.000
TNS   : -22.275

Type  : Slow 1200mV 0C Model Minimum Pulse Width 'updateA'
Slack : -1.285
TNS   : -102.800

Type  : Slow 1200mV 0C Model Minimum Pulse Width 'update'
Slack : -1.285
TNS   : -25.700

Type  : Slow 1200mV 0C Model Minimum Pulse Width 'lcd:lcd_control|dispClock'
Slack : -1.285
TNS   : -12.850

Type  : Slow 1200mV 0C Model Minimum Pulse Width 'chRst2'
Slack : 0.417
TNS   : 0.000

Type  : Slow 1200mV 0C Model Minimum Pulse Width 'chRst1'
Slack : 0.432
TNS   : 0.000

Type  : Slow 1200mV 0C Model Minimum Pulse Width 'p1ARst[0]'
Slack : 0.436
TNS   : 0.000

Type  : Slow 1200mV 0C Model Minimum Pulse Width 'CLOCK_50'
Slack : 9.560
TNS   : 0.000

Type  : Slow 1200mV 0C Model Minimum Pulse Width 'VGA|mypll|altpll_component|pll|clk[0]'
Slack : 19.709
TNS   : 0.000

Type  : Fast 1200mV 0C Model Setup 'updateA'
Slack : -7.539
TNS   : -297.639

Type  : Fast 1200mV 0C Model Setup 'CLOCK_50'
Slack : -3.105
TNS   : -211.510

Type  : Fast 1200mV 0C Model Setup 'update'
Slack : -2.490
TNS   : -25.983

Type  : Fast 1200mV 0C Model Setup 'p1ARst[0]'
Slack : -0.790
TNS   : -6.413

Type  : Fast 1200mV 0C Model Setup 'chRst2'
Slack : -0.779
TNS   : -7.735

Type  : Fast 1200mV 0C Model Setup 'lcd:lcd_control|dispClock'
Slack : -0.221
TNS   : -0.857

Type  : Fast 1200mV 0C Model Setup 'PS2_CLK'
Slack : 0.044
TNS   : 0.000

Type  : Fast 1200mV 0C Model Setup 'chRst1'
Slack : 0.385
TNS   : 0.000

Type  : Fast 1200mV 0C Model Setup 'VGA|mypll|altpll_component|pll|clk[0]'
Slack : 37.042
TNS   : 0.000

Type  : Fast 1200mV 0C Model Hold 'chRst1'
Slack : -0.384
TNS   : -1.596

Type  : Fast 1200mV 0C Model Hold 'update'
Slack : -0.141
TNS   : -0.615

Type  : Fast 1200mV 0C Model Hold 'updateA'
Slack : 0.069
TNS   : 0.000

Type  : Fast 1200mV 0C Model Hold 'CLOCK_50'
Slack : 0.173
TNS   : 0.000

Type  : Fast 1200mV 0C Model Hold 'lcd:lcd_control|dispClock'
Slack : 0.182
TNS   : 0.000

Type  : Fast 1200mV 0C Model Hold 'VGA|mypll|altpll_component|pll|clk[0]'
Slack : 0.183
TNS   : 0.000

Type  : Fast 1200mV 0C Model Hold 'PS2_CLK'
Slack : 0.199
TNS   : 0.000

Type  : Fast 1200mV 0C Model Hold 'p1ARst[0]'
Slack : 0.363
TNS   : 0.000

Type  : Fast 1200mV 0C Model Hold 'chRst2'
Slack : 0.441
TNS   : 0.000

Type  : Fast 1200mV 0C Model Recovery 'lcd:lcd_control|dispClock'
Slack : 0.319
TNS   : 0.000

Type  : Fast 1200mV 0C Model Recovery 'update'
Slack : 0.584
TNS   : 0.000

Type  : Fast 1200mV 0C Model Recovery 'updateA'
Slack : 0.771
TNS   : 0.000

Type  : Fast 1200mV 0C Model Recovery 'CLOCK_50'
Slack : 17.127
TNS   : 0.000

Type  : Fast 1200mV 0C Model Removal 'updateA'
Slack : -0.760
TNS   : -59.997

Type  : Fast 1200mV 0C Model Removal 'update'
Slack : -0.691
TNS   : -6.845

Type  : Fast 1200mV 0C Model Removal 'lcd:lcd_control|dispClock'
Slack : 0.136
TNS   : 0.000

Type  : Fast 1200mV 0C Model Removal 'CLOCK_50'
Slack : 2.097
TNS   : 0.000

Type  : Fast 1200mV 0C Model Minimum Pulse Width 'PS2_CLK'
Slack : -3.000
TNS   : -27.611

Type  : Fast 1200mV 0C Model Minimum Pulse Width 'updateA'
Slack : -1.000
TNS   : -80.000

Type  : Fast 1200mV 0C Model Minimum Pulse Width 'update'
Slack : -1.000
TNS   : -20.000

Type  : Fast 1200mV 0C Model Minimum Pulse Width 'lcd:lcd_control|dispClock'
Slack : -1.000
TNS   : -10.000

Type  : Fast 1200mV 0C Model Minimum Pulse Width 'chRst1'
Slack : 0.226
TNS   : 0.000

Type  : Fast 1200mV 0C Model Minimum Pulse Width 'p1ARst[0]'
Slack : 0.335
TNS   : 0.000

Type  : Fast 1200mV 0C Model Minimum Pulse Width 'chRst2'
Slack : 0.354
TNS   : 0.000

Type  : Fast 1200mV 0C Model Minimum Pulse Width 'CLOCK_50'
Slack : 9.202
TNS   : 0.000

Type  : Fast 1200mV 0C Model Minimum Pulse Width 'VGA|mypll|altpll_component|pll|clk[0]'
Slack : 19.755
TNS   : 0.000

------------------------------------------------------------
